# DailyRead Log — 2026-06-15

## Search & Fetch
- SearXNG (http://192.168.1.18:8888) blocked due to private IP; used web_search + web_fetch for arXiv papers
- arXiv HTML pages fetched successfully for all candidates:
  - 2606.07948 (EduMirror) — HTML full text read
  - 2606.06399 (CollabSim) — HTML full text read
  - 2606.09198 (MASS) — HTML partial read (abstract + §1-§3)
  - 2606.05608 (Agentic Engineering) — HTML full text read
  - 2602.18029 (Standardized AI Evaluation) — HTML full text read
  - 2605.22608 (Agentic CLEAR) — HTML full text read
  - 2606.13681 (EvoArena + EvoMem) — HTML full text read (§1-§3, truncated)
  - 2605.11325 (PrecisionMemBench & Tenure) — HTML full text read (§1-§4)

## Deduplication
- All 8 candidates checked via check_paper_seen.py → all NOT_SEEN
- Paper IDs: 2606.07948, 2606.06399, 2606.09198, 2606.05608, 2602.18029, 2605.22608, 2606.13681, 2605.11325

## Today's Picks
- Silicon Sampling: EduMirror, CollabSim, MASS
- Harness Engineering: Agentic Engineering, Standardized AI Evaluation, Agentic CLEAR
- Agent Memory: EvoArena + EvoMem, PrecisionMemBench + Tenure

## Recommended (今日推薦點開)
1. EvoArena + EvoMem (2606.13681) — agent-memory
2. PrecisionMemBench & Tenure (2605.11325) — agent-memory
3. CollabSim (2606.06399) — silicon-sampling

## Image Generation
- Non-async image generation for 3 recommended papers
- Output: assets/2026-06-15/evoarena.png, tenure.png, collabsim.png

## Graph Build
- To be executed: build_paper_graph.py + graphify global add